{
  "events" : [ {
    "bizId" : "1",
    "content" : "{\"key\": \"1\", \"tag\": \"ORDER_CANCELED\", \"bizId\": \"1\", \"msgId\": \"1\", \"orderId\": 1, \"timestamp\": 0}",
    "id" : 1,
    "key" : "1",
    "msgId" : "1",
    "sent" : false,
    "tag" : "ORDER_CANCELED",
    "topic" : "order"
  } ],
  "order" : {
    "currency" : "CNY",
    "events" : [ ],
    "exchangeRate" : 1,
    "id" : 1,
    "logs" : [ ],
    "orderAddress" : {
      "country" : "CHINA",
      "email" : "123456@qq.com",
      "fullAddressLine" : {
        "addressLine1" : "line1",
        "addressLine2" : "line2"
      },
      "fullName" : {
        "firstName" : "first",
        "lastName" : "last"
      },
      "id" : null,
      "orderId" : 1,
      "phoneNumber" : "13800000000",
      "version" : null
    },
    "orderDetails" : [ {
      "id" : 1,
      "orderId" : 1,
      "orderStatus" : "CANCEL",
      "price" : 1,
      "skuId" : 1,
      "version" : null
    }, {
      "id" : 2,
      "orderId" : 1,
      "orderStatus" : "CANCEL",
      "price" : 10,
      "skuId" : 2,
      "version" : null
    } ],
    "orderStatus" : "CANCEL",
    "totalActualPay" : 88,
    "totalShouldPay" : 88,
    "version" : 2
  }
}