{
  "order1" : {
    "currency" : "CNY",
    "events" : [ ],
    "exchangeRate" : 1,
    "id" : 1,
    "logs" : [ ],
    "orderAddress" : {
      "country" : "CHINA",
      "email" : "123456@qq.com",
      "fullAddressLine" : {
        "addressLine1" : "line1",
        "addressLine2" : "line2"
      },
      "fullName" : {
        "firstName" : "first",
        "lastName" : "last"
      },
      "id" : null,
      "orderId" : 1,
      "phoneNumber" : "13800000000",
      "version" : null
    },
    "orderDetails" : [ {
      "id" : 1,
      "orderId" : 1,
      "orderStatus" : "WAIT_PAY",
      "price" : 1,
      "skuId" : 1,
      "version" : null
    }, {
      "id" : 2,
      "orderId" : 1,
      "orderStatus" : "WAIT_PAY",
      "price" : 10,
      "skuId" : 2,
      "version" : null
    } ],
    "orderStatus" : "WAIT_PAY",
    "totalActualPay" : 88,
    "totalShouldPay" : 88,
    "version" : 1
  },
  "order2" : {
    "currency" : "CNY",
    "events" : [ ],
    "exchangeRate" : 1,
    "id" : 1,
    "logs" : [ ],
    "orderAddress" : {
      "country" : "CHINA",
      "email" : "123456@qq.com",
      "fullAddressLine" : {
        "addressLine1" : "line1",
        "addressLine2" : "line2"
      },
      "fullName" : {
        "firstName" : "first",
        "lastName" : "last"
      },
      "id" : null,
      "orderId" : 1,
      "phoneNumber" : "13800000000",
      "version" : null
    },
    "orderDetails" : [ {
      "id" : 1,
      "orderId" : 1,
      "orderStatus" : "WAIT_PAY",
      "price" : 1,
      "skuId" : 1,
      "version" : null
    }, {
      "id" : 2,
      "orderId" : 1,
      "orderStatus" : "WAIT_PAY",
      "price" : 10,
      "skuId" : 2,
      "version" : null
    } ],
    "orderStatus" : "WAIT_PAY",
    "totalActualPay" : 88,
    "totalShouldPay" : 88,
    "version" : 1
  }
}