{
  "code": "SUCCESS",
  "data": {
    "status": "WAIT",
    "amount": "1",
    "offsetDateTime": "2023-01-01T09:01:01.000000001+08:00",
    "localDateTime": "2023-01-01T01:01:01",
    "list": []
  }
}