[ {
  "age" : null,
  "id" : 1,
  "money" : 2,
  "name" : null
}, {
  "age" : null,
  "id" : 2,
  "money" : 11,
  "name" : null
} ]