{
  "id" : 0,
  "orderId" : 0,
  "orderStatus" : "WAIT_PAY",
  "price" : 10,
  "skuId" : 0,
  "version" : null
}