{
  "currency" : "CNY",
  "events" : [ ],
  "exchangeRate" : 1,
  "id" : 1,
  "logs" : [ ],
  "orderAddress" : {
    "country" : "country",
    "email" : "email",
    "fullAddressLine" : {
      "addressLine1" : "addressLine1",
      "addressLine2" : "addressLine2"
    },
    "fullName" : {
      "firstName" : "firstName",
      "lastName" : "lastName"
    },
    "id" : 1,
    "phoneNumber" : "phoneNumber",
    "version" : 1
  },
  "orderDetails" : [ {
    "id" : 2,
    "orderId" : 1,
    "orderStatus" : "WAIT_PAY",
    "price" : 1,
    "skuId" : 1,
    "version" : 1
  } ],
  "orderStatus" : "WAIT_PAY",
  "totalActualPay" : 1,
  "totalShouldPay" : 1,
  "version" : 0
}