{
  "country" : "email1",
  "email" : "123456@qq.com",
  "fullAddressLine" : {
    "addressLine1" : "addressLine11",
    "addressLine2" : "addressLine21"
  },
  "fullName" : {
    "firstName" : "firstName1",
    "lastName" : "lastName1"
  },
  "id" : 1,
  "phoneNumber" : "phoneNumber1",
  "version" : 1
}