{
  "ClientId" : "Client-Id:3J5Y8Y382Y3K3105035",
  "Content-Type" : "Content-Type:application/json",
  "Request-Time" : "Request-Time:2023-01-02T02:02:02+08:00",
  "Signature" : "Signature:algorithm=RSA256, keyVersion=2, signature=BWTIdphO8jo1krBja4V6PMcd6XMrzmYDgOjKfcmYaK9tjFMktOH8alFOKADWcbNzeppSu%2BrEn76aKJZSVcsffq6f9tlMIGweaG7Jeeb%2FmvTXROGAaqd55ZMxxtqUnUzihDasAqL%2FegaUone04sJOlOZT8U5ia5zw94ilM%2Fwif%2BBTBlhhT5%2B5n7DqQ6QkJNaDxS3yvs2%2FdqbW4ndyrr%2BxrxnRTBd9JqyXStKSLV4St3A67Kk9grR1fJE4Ft6kW%2BrVHxI7Sr8ewgeBAyVz3OL1NMpgUHygIjRKhffO6p5aY%2BWDcc9DbXwEE8NgmY91aVQOU2JJgm%2Fyf7dYdOufDs6l4g%3D%3D"
}